// Jest Snapshot v1, https://goo.gl/fbAQLP

exports[`#bind() throws if not a function 1`] = `"bind called on incompatible [object Object]"`;
